// Jest Snapshot v1, https://goo.gl/fbAQLP

exports[`ProcessBar should match the snapshot 1`] = `
<div>
  <h1
    class="process_header"
  >
    Process Bar Demo
  </h1>
  <div
    class="progress-container"
  >
    <p
      class="progress-value"
      data-testid="progress-value-0"
    >
      0%
    </p>
    <div
      class="progress-bar"
      data-testid="progress-bar-0"
      style="width: 0%;"
    />
  </div>
  <div
    class="progress-container"
  >
    <p
      class="progress-value"
      data-testid="progress-value-1"
    >
      0%
    </p>
    <div
      class="progress-bar"
      data-testid="progress-bar-1"
      style="width: 0%;"
    />
  </div>
  <div
    class="progress-container"
  >
    <p
      class="progress-value"
      data-testid="progress-value-2"
    >
      0%
    </p>
    <div
      class="progress-bar"
      data-testid="progress-bar-2"
      style="width: 0%;"
    />
  </div>
  <div
    class="control"
  >
    <select
      class="selectLine"
      data-testid="select-line"
    >
      <option
        value="0"
      >
        #process1
      </option>
      <option
        value="1"
      >
        #process2
      </option>
      <option
        value="2"
      >
        #process3
      </option>
    </select>
    <div
      class="buttons"
    >
      <button>
        -25
      </button>
      <button>
        -10
      </button>
      <button>
        +10
      </button>
      <button>
        +25
      </button>
    </div>
  </div>
</div>
`;
